// Jest Snapshot v1, https://goo.gl/fbAQLP

exports[`should return each item of to do task should match todoitem snapshot 1`] = `
<div
  className="todo__item todo__value"
  role="the__item"
>
  <input
    checked={true}
    className="pointer"
    id="1675425781448"
    name="todo"
    onClick={[Function]}
    type="checkbox"
  />
  <label
    className="item__value"
    htmlFor="todo"
    role="todo_value"
  >
    task 1
  </label>
  <p
    className="pointer"
    onClick={[Function]}
    role="remove_area"
  >
    x
  </p>
</div>
`;
